25a26
> OLDPWD=/home/cbouleng/42/minishell_test/wedding/objs
88c89
< declare -x OLDPWD
---
> declare -x OLDPWD="/home/cbouleng/42/minishell_test/wedding/objs"
136c137
< SHLVL=0T/k†U
---
> SHLVL=0
159c160
< $_
---
> coucou
193a195
> OLDPWD=/home/cbouleng/42/minishell_test/wedding/objs
239a242
> OLDPWD=/home/cbouleng/42/minishell_test/wedding/objs
304a308
> OLDPWD=/home/cbouleng/42/minishell_test/wedding/objs
342c346
< à†0†
---
> 0
347c351
< Minishell: export: `%%': not a valid identifier
---
> bash: ligne 1 : export: Â« %% Â» : identifiant non valable
351c355
< Minishell: export: `%': not a valid identifier
---
> bash: ligne 1 : export: Â« % Â» : identifiant non valable
358c362
< Minishell: cd: No such file or directory
---
> bash: ligne 1 : cd: Desktop: Aucun fichier ou dossier de ce type
360c364
< Minishell: cd: No such file or directory
---
> bash: ligne 1 : cd: /Users/macalex/Desktop/42/: Aucun fichier ou dossier de ce type
362c366
< Minishell: cd: No such file or directory
---
> bash: ligne 1 : cd: /home/cbouleng/Desktop: Aucun fichier ou dossier de ce type
649c653
< @¥.&V0ª.&V
---
> 0
651c655
< Ð”.&V0”.&V
---
> 0
2515a2520,2526
> find: â€˜/proc/10356/task/10356/fdâ€™: Permission non accordÃ©e
> find: â€˜/proc/10356/task/10356/fdinfoâ€™: Permission non accordÃ©e
> find: â€˜/proc/10356/task/10356/nsâ€™: Permission non accordÃ©e
> find: â€˜/proc/10356/fdâ€™: Permission non accordÃ©e
> find: â€˜/proc/10356/map_filesâ€™: Permission non accordÃ©e
> find: â€˜/proc/10356/fdinfoâ€™: Permission non accordÃ©e
> find: â€˜/proc/10356/nsâ€™: Permission non accordÃ©e
2532a2544
> /sys/module/binfmt_misc/coresize
